  (use "git pull" if you want to integrate the remote branch with yours)

nothing to commit, working tree clean
~/workspace$ git add server/vite-wrapper.ts server/index.ts server/efax-service.ts AWS_DEPLOYMENT_FIX_TRACKING.md
~/workspace$ git commit -m "Fix production deployment path.resolve error - lazy EFax initialization"
On branch main2
Your branch and 'origin/main2' have diverged,
and have 55 and 1 different commits each, respectively.

nothing to commit, working tree clean
~/workspace$ git push origin main2 --force
Enumerating objects: 311, done.
Counting objects: 100% (289/289), done.
Delta compression using up to 8 threads
Compressing objects: 100% (197/197), done.
Writing objects: 100% (250/250), 7.36 MiB | 5.47 MiB/s, done.
Total 250 (delta 147), reused 90 (delta 51), pack-reused 0 (from 0)
remote: Resolving deltas: 100% (147/147), completed with 17 local objects.
remote: error: GH013: Repository rule violations found for refs/heads/main2.
remote: 
remote: - GITHUB PUSH PROTECTION
remote:   —————————————————————————————————————————
remote:     Resolve the following violations before pushing again
remote: 
remote:     - Push cannot contain secrets
remote: 
remote:     
remote:      (?) Learn how to resolve a blocked push
remote:      https://docs.github.com/code-security/secret-scanning/working-with-secret-scanning-and-push-protection/working-with-push-protection-from-the-command-line#resolving-a-blocked-push
remote:     
remote:     
remote:       —— Amazon AWS Access Key ID ——————————————————————————
remote:        locations:
remote:          - commit: 7a562470c49b630c1cf132daa3ca8e673ce10e15
remote:            path: attached_assets/Pasted-Last-login-Tue-Jul-29-14-08-16-on-ttys000-The-default-interactive-shell-is-now-zsh-To-update-your-1753836047617_1753836047620.txt:19
remote:     
remote:        (?) To push, remove secret from commit(s) or follow this URL to allow the secret.
remote:        https://github.com/jonseale44/Clarafi/security/secret-scanning/unblock-secret/30ZaMUBuEsAjTr8mfAYp55jqbJq
remote:     
remote:     
remote:       —— Amazon AWS Secret Access Key ——————————————————————
remote:        locations:
remote:          - commit: 7a562470c49b630c1cf132daa3ca8e673ce10e15
remote:            path: attached_assets/Pasted-Last-login-Tue-Jul-29-14-08-16-on-ttys000-The-default-interactive-shell-is-now-zsh-To-update-your-1753836047617_1753836047620.txt:20
remote:     
remote:        (?) To push, remove secret from commit(s) or follow this URL to allow the secret.
remote:        https://github.com/jonseale44/Clarafi/security/secret-scanning/unblock-secret/30ZaMQMMbZXHwLVoMnYNhRhrKQe
remote:     
remote:     
remote:       —— OpenAI API Key ————————————————————————————————————
remote:        locations:
remote:          - commit: d9e4ac04f661f67382342d62fa74d4b01ea0fad5
remote:            path: attached_assets/Pasted-Skip-to-Main-Content-Search-Option-S-United-States-Ohio-Clarafi-App-Runner-Services-clara-1753873782264_1753873782264.txt:113
remote:     
remote:        (?) To push, remove secret from commit(s) or follow this URL to allow the secret.
remote:        https://github.com/jonseale44/Clarafi/security/secret-scanning/unblock-secret/30azFsPBfVcWraVHBbO0cOVFYoI
remote:     
remote: 
remote: 
To https://github.com/jonseale44/Clarafi
 ! [remote rejected] main2 -> main2 (push declined due to repository rule violations)
error: failed to push some refs to 'https://github.com/jonseale44/Clarafi'
~/workspace$ 